

Symbols from /private/var/folders/vm/bdt9x53j7v16kbkysh__z1p00000gn/T/arduino/sketches/38949398D670403EA4092AAF5DDE3AC1/013_MegaTiny_Neopixel_static.ino.elf:

Name                  Value   Class        Type         Size     Line  Section

__TEXT_REGION_ORIGIN__|00000000|   W  |            NOTYPE|        |     |*ABS*
__heap_end          |00000000|   W  |            NOTYPE|        |     |*ABS*
__tmp_reg__         |00000000|   a  |            NOTYPE|        |     |*ABS*
__tmp_reg__         |00000000|   a  |            NOTYPE|        |     |*ABS*
__vector_default    |00000000|   W  |            NOTYPE|        |     |.text	../../../../../crt1/gcrt1.S:63
__vectors           |00000000|   T  |            NOTYPE|        |     |.text	../../../../../crt1/gcrt1.S:63
__zero_reg__        |00000001|   a  |            NOTYPE|        |     |*ABS*
__zero_reg__        |00000001|   a  |            NOTYPE|        |     |*ABS*
__FUSE_REGION_LENGTH__|0000000a|   A  |            NOTYPE|        |     |*ABS*
__CCP__             |00000034|   a  |            NOTYPE|        |     |*ABS*
__CCP__             |00000034|   a  |            NOTYPE|        |     |*ABS*
__ctors_start       |00000034|   T  |            NOTYPE|        |     |.text
__trampolines_end   |00000034|   T  |            NOTYPE|        |     |.text
__trampolines_start |00000034|   T  |            NOTYPE|        |     |.text
__ctors_end         |00000036|   T  |            NOTYPE|        |     |.text	../../../../../crt1/gcrt1.S:230
__dtors_end         |00000036|   T  |            NOTYPE|        |     |.text	../../../../../crt1/gcrt1.S:230
__dtors_start       |00000036|   T  |            NOTYPE|        |     |.text	../../../../../crt1/gcrt1.S:230
__init              |00000036|   W  |            NOTYPE|        |     |.text	../../../../../crt1/gcrt1.S:230
__SP_L__            |0000003d|   a  |            NOTYPE|        |     |*ABS*
__SP_L__            |0000003d|   a  |            NOTYPE|        |     |*ABS*
__SP_H__            |0000003e|   a  |            NOTYPE|        |     |*ABS*
__SP_H__            |0000003e|   a  |            NOTYPE|        |     |*ABS*
__SREG__            |0000003f|   a  |            NOTYPE|        |     |*ABS*
__SREG__            |0000003f|   a  |            NOTYPE|        |     |*ABS*
_initThreeStuff()   |00000042|   T  |              FUNC|00000018|     |.text	/Users/cybermode/Library/Arduino15/packages/megaTinyCore/hardware/megaavr/2.6.10/cores/megatinycore/main.cpp:149
__do_copy_data      |0000005a|   T  |            NOTYPE|00000016|     |.text	/home/admin/Arduino/toolchain-avr-special-master/gcc-build/avr/avrxmega3/short-calls/libgcc/../../../../../gcc/libgcc/config/avr/lib1funcs.S:2409
__do_clear_bss      |00000070|   T  |            NOTYPE|00000010|     |.text	/home/admin/Arduino/toolchain-avr-special-master/gcc-build/avr/avrxmega3/short-calls/libgcc/../../../../../gcc/libgcc/config/avr/lib1funcs.S:2441
.do_clear_bss_loop  |00000078|   t  |            NOTYPE|        |     |.text	/home/admin/Arduino/toolchain-avr-special-master/gcc-build/avr/avrxmega3/short-calls/libgcc/../../../../../gcc/libgcc/config/avr/lib1funcs.S:2446
.do_clear_bss_start |0000007a|   t  |            NOTYPE|        |     |.text	/home/admin/Arduino/toolchain-avr-special-master/gcc-build/avr/avrxmega3/short-calls/libgcc/../../../../../gcc/libgcc/config/avr/lib1funcs.S:2448
__EEPROM_REGION_LENGTH__|00000080|   A  |            NOTYPE|        |     |*ABS*
__do_global_ctors   |00000080|   T  |            NOTYPE|00000014|     |.text	/home/admin/Arduino/toolchain-avr-special-master/gcc-build/avr/avrxmega3/short-calls/libgcc/../../../../../gcc/libgcc/config/avr/lib1funcs.S:2466
__bad_interrupt     |00000098|   T  |            NOTYPE|        |     |.text	../../../../../crt1/gcrt1.S:209
__vector_1          |00000098|   W  |            NOTYPE|        |     |.text	../../../../../crt1/gcrt1.S:209
__vector_10         |00000098|   W  |            NOTYPE|        |     |.text	../../../../../crt1/gcrt1.S:209
__vector_11         |00000098|   W  |            NOTYPE|        |     |.text	../../../../../crt1/gcrt1.S:209
__vector_12         |00000098|   W  |            NOTYPE|        |     |.text	../../../../../crt1/gcrt1.S:209
__vector_13         |00000098|   W  |            NOTYPE|        |     |.text	../../../../../crt1/gcrt1.S:209
__vector_15         |00000098|   W  |            NOTYPE|        |     |.text	../../../../../crt1/gcrt1.S:209
__vector_16         |00000098|   W  |            NOTYPE|        |     |.text	../../../../../crt1/gcrt1.S:209
__vector_17         |00000098|   W  |            NOTYPE|        |     |.text	../../../../../crt1/gcrt1.S:209
__vector_18         |00000098|   W  |            NOTYPE|        |     |.text	../../../../../crt1/gcrt1.S:209
__vector_19         |00000098|   W  |            NOTYPE|        |     |.text	../../../../../crt1/gcrt1.S:209
__vector_2          |00000098|   W  |            NOTYPE|        |     |.text	../../../../../crt1/gcrt1.S:209
__vector_20         |00000098|   W  |            NOTYPE|        |     |.text	../../../../../crt1/gcrt1.S:209
__vector_21         |00000098|   W  |            NOTYPE|        |     |.text	../../../../../crt1/gcrt1.S:209
__vector_22         |00000098|   W  |            NOTYPE|        |     |.text	../../../../../crt1/gcrt1.S:209
__vector_23         |00000098|   W  |            NOTYPE|        |     |.text	../../../../../crt1/gcrt1.S:209
__vector_24         |00000098|   W  |            NOTYPE|        |     |.text	../../../../../crt1/gcrt1.S:209
__vector_25         |00000098|   W  |            NOTYPE|        |     |.text	../../../../../crt1/gcrt1.S:209
__vector_3          |00000098|   W  |            NOTYPE|        |     |.text	../../../../../crt1/gcrt1.S:209
__vector_4          |00000098|   W  |            NOTYPE|        |     |.text	../../../../../crt1/gcrt1.S:209
__vector_5          |00000098|   W  |            NOTYPE|        |     |.text	../../../../../crt1/gcrt1.S:209
__vector_6          |00000098|   W  |            NOTYPE|        |     |.text	../../../../../crt1/gcrt1.S:209
__vector_7          |00000098|   W  |            NOTYPE|        |     |.text	../../../../../crt1/gcrt1.S:209
__vector_8          |00000098|   W  |            NOTYPE|        |     |.text	../../../../../crt1/gcrt1.S:209
__vector_9          |00000098|   W  |            NOTYPE|        |     |.text	../../../../../crt1/gcrt1.S:209
micros              |0000009a|   t  |              FUNC|00000076|     |.text	/Users/cybermode/Library/Arduino15/packages/megaTinyCore/hardware/megaavr/2.6.10/cores/megatinycore/wiring.c:499
__DATA_REGION_LENGTH__|00000100|   A  |            NOTYPE|        |     |*ABS*
tinyNeoPixel::setPixelColor(unsigned int, unsigned char, unsigned char, unsigned char) [clone .part.0]|00000110|   t  |              FUNC|00000092|     |.text	/Users/cybermode/Library/Arduino15/packages/megaTinyCore/hardware/megaavr/2.6.10/libraries/tinyNeoPixel_Static/tinyNeoPixel_Static.cpp:1093
tinyNeoPixel::show()|000001a2|   t  |              FUNC|000000f4|     |.text	/Users/cybermode/Library/Arduino15/packages/megaTinyCore/hardware/megaavr/2.6.10/libraries/tinyNeoPixel_Static/tinyNeoPixel_Static.cpp:95
_head20             |00000232|   t  |            NOTYPE|        |     |.text	/Users/cybermode/Library/Arduino15/packages/megaTinyCore/hardware/megaavr/2.6.10/libraries/tinyNeoPixel_Static/tinyNeoPixel_Static.cpp:736
_onlydelay20        |00000250|   t  |            NOTYPE|        |     |.text	/Users/cybermode/Library/Arduino15/packages/megaTinyCore/hardware/megaavr/2.6.10/libraries/tinyNeoPixel_Static/tinyNeoPixel_Static.cpp:736
_nextbyte20         |00000254|   t  |            NOTYPE|        |     |.text	/Users/cybermode/Library/Arduino15/packages/megaTinyCore/hardware/megaavr/2.6.10/libraries/tinyNeoPixel_Static/tinyNeoPixel_Static.cpp:736
__vector_14         |00000296|   T  |              FUNC|0000005e|     |.text	/Users/cybermode/Library/Arduino15/packages/megaTinyCore/hardware/megaavr/2.6.10/cores/megatinycore/wiring.c:202
ovf_end             |000002b2|   t  |            NOTYPE|        |     |.text	/Users/cybermode/Library/Arduino15/packages/megaTinyCore/hardware/megaavr/2.6.10/cores/megatinycore/wiring.c:317
sub4                |000002cc|   t  |            NOTYPE|        |     |.text	/Users/cybermode/Library/Arduino15/packages/megaTinyCore/hardware/megaavr/2.6.10/cores/megatinycore/wiring.c:317
sub_end             |000002e6|   t  |            NOTYPE|        |     |.text	/Users/cybermode/Library/Arduino15/packages/megaTinyCore/hardware/megaavr/2.6.10/cores/megatinycore/wiring.c:317
main                |000002f4|   T  |              FUNC|00000136|     |.text	/Users/cybermode/Library/Arduino15/packages/megaTinyCore/hardware/megaavr/2.6.10/cores/megatinycore/main.cpp:49
__LOCK_REGION_LENGTH__|00000400|   A  |            NOTYPE|        |     |*ABS*
__SIGNATURE_REGION_LENGTH__|00000400|   A  |            NOTYPE|        |     |*ABS*
__USER_SIGNATURE_REGION_LENGTH__|00000400|   A  |            NOTYPE|        |     |*ABS*
_GLOBAL__sub_I_pixels|0000042a|   t  |              FUNC|00000086|     |.text
random_r            |000004b0|   T  |              FUNC|00000092|     |.text
random              |00000542|   T  |              FUNC|00000098|     |.text
srandom             |000005da|   T  |              FUNC|00000012|     |.text
__divmodsi4         |000005ec|   T  |            NOTYPE|00000028|     |.text	/home/admin/Arduino/toolchain-avr-special-master/gcc-build/avr/avrxmega3/short-calls/libgcc/../../../../../gcc/libgcc/config/avr/lib1funcs.S:1686
__divmodsi4_neg2    |00000604|   t  |            NOTYPE|        |     |.text	/home/admin/Arduino/toolchain-avr-special-master/gcc-build/avr/avrxmega3/short-calls/libgcc/../../../../../gcc/libgcc/config/avr/lib1funcs.S:1701
__divmodsi4_exit    |00000612|   t  |            NOTYPE|        |     |.text	/home/admin/Arduino/toolchain-avr-special-master/gcc-build/avr/avrxmega3/short-calls/libgcc/../../../../../gcc/libgcc/config/avr/lib1funcs.S:1709
__negsi2            |00000614|   T  |            NOTYPE|00000010|     |.text	/home/admin/Arduino/toolchain-avr-special-master/gcc-build/avr/avrxmega3/short-calls/libgcc/../../../../../gcc/libgcc/config/avr/lib1funcs.S:1718
__muluhisi3         |00000624|   T  |            NOTYPE|00000014|     |.text	/home/admin/Arduino/toolchain-avr-special-master/gcc-build/avr/avrxmega3/short-calls/libgcc/../../../../../gcc/libgcc/config/avr/lib1funcs.S:626
__mulshisi3         |00000638|   T  |            NOTYPE|00000004|     |.text	/home/admin/Arduino/toolchain-avr-special-master/gcc-build/avr/avrxmega3/short-calls/libgcc/../../../../../gcc/libgcc/config/avr/lib1funcs.S:603
__mulohisi3         |0000063c|   T  |            NOTYPE|00000008|     |.text	/home/admin/Arduino/toolchain-avr-special-master/gcc-build/avr/avrxmega3/short-calls/libgcc/../../../../../gcc/libgcc/config/avr/lib1funcs.S:613
__udivmodsi4        |00000644|   T  |            NOTYPE|00000044|     |.text	/home/admin/Arduino/toolchain-avr-special-master/gcc-build/avr/avrxmega3/short-calls/libgcc/../../../../../gcc/libgcc/config/avr/lib1funcs.S:1638
__udivmodsi4_loop   |00000650|   t  |            NOTYPE|        |     |.text	/home/admin/Arduino/toolchain-avr-special-master/gcc-build/avr/avrxmega3/short-calls/libgcc/../../../../../gcc/libgcc/config/avr/lib1funcs.S:1646
__udivmodsi4_ep     |0000066a|   t  |            NOTYPE|        |     |.text	/home/admin/Arduino/toolchain-avr-special-master/gcc-build/avr/avrxmega3/short-calls/libgcc/../../../../../gcc/libgcc/config/avr/lib1funcs.S:1660
__umulhisi3         |00000688|   T  |            NOTYPE|00000018|     |.text	/home/admin/Arduino/toolchain-avr-special-master/gcc-build/avr/avrxmega3/short-calls/libgcc/../../../../../gcc/libgcc/config/avr/lib1funcs.S:564
__tablejump2__      |000006a0|   T  |            NOTYPE|0000000c|     |.text	/home/admin/Arduino/toolchain-avr-special-master/gcc-build/avr/avrxmega3/short-calls/libgcc/../../../../../gcc/libgcc/config/avr/lib1funcs.S:2296
_exit               |000006ac|   T  |            NOTYPE|        |     |.text	/home/admin/Arduino/toolchain-avr-special-master/gcc-build/avr/avrxmega3/short-calls/libgcc/../../../../../gcc/libgcc/config/avr/lib1funcs.S:2278
exit                |000006ac|   W  |            NOTYPE|        |     |.text	/home/admin/Arduino/toolchain-avr-special-master/gcc-build/avr/avrxmega3/short-calls/libgcc/../../../../../gcc/libgcc/config/avr/lib1funcs.S:2278
__stop_program      |000006ae|   t  |            NOTYPE|        |     |.text	/home/admin/Arduino/toolchain-avr-special-master/gcc-build/avr/avrxmega3/short-calls/libgcc/../../../../../gcc/libgcc/config/avr/lib1funcs.S:2280
__data_load_start   |000006b0|   A  |            NOTYPE|        |     |*ABS*
_etext              |000006b0|   T  |            NOTYPE|        |     |.text
__data_load_end     |000006b4|   A  |            NOTYPE|        |     |*ABS*
__TEXT_REGION_LENGTH__|00001000|   A  |            NOTYPE|        |     |*ABS*
__stack             |00003fff|   W  |            NOTYPE|        |     |*ABS*
__RODATA_PM_OFFSET__|00008000|   A  |            NOTYPE|        |     |*ABS*
__DATA_REGION_ORIGIN__|00803f00|   A  |            NOTYPE|        |     |*ABS*
__data_start        |00803f00|   D  |            NOTYPE|        |     |.data
next                |00803f00|   d  |            OBJECT|00000004|     |.data
__bss_start         |00803f04|   B  |            NOTYPE|        |     |.bss
__data_end          |00803f04|   D  |            NOTYPE|        |     |.data
_edata              |00803f04|   D  |            NOTYPE|        |     |.data
pixels6             |00803f04|   b  |            OBJECT|0000002d|     |.bss	/Users/cybermode/Library/CloudStorage/GoogleDrive-triade@triade.es/Mi unidad/A Industriosa/2024/A Industriosa - Branding/Software/013_MegaTiny_Neopixel_static/013_MegaTiny_Neopixel_static.ino:5
pixels              |00803f31|   b  |            OBJECT|00000084|     |.bss	/Users/cybermode/Library/CloudStorage/GoogleDrive-triade@triade.es/Mi unidad/A Industriosa/2024/A Industriosa - Branding/Software/013_MegaTiny_Neopixel_static/013_MegaTiny_Neopixel_static.ino:3
leds6               |00803fb5|   b  |            OBJECT|00000015|     |.bss	/Users/cybermode/Library/CloudStorage/GoogleDrive-triade@triade.es/Mi unidad/A Industriosa/2024/A Industriosa - Branding/Software/013_MegaTiny_Neopixel_static/013_MegaTiny_Neopixel_static.ino:7
leds                |00803fca|   b  |            OBJECT|00000015|     |.bss	/Users/cybermode/Library/CloudStorage/GoogleDrive-triade@triade.es/Mi unidad/A Industriosa/2024/A Industriosa - Branding/Software/013_MegaTiny_Neopixel_static/013_MegaTiny_Neopixel_static.ino:6
timingStruct        |00803fdf|   b  |            OBJECT|0000000a|     |.bss	/Users/cybermode/Library/Arduino15/packages/megaTinyCore/hardware/megaavr/2.6.10/cores/megatinycore/wiring.c:189
__bss_end           |00803fe9|   B  |            NOTYPE|        |     |.bss
_end                |00803fe9|   N  |            NOTYPE|        |     |.comment
__eeprom_end        |00810000|   N  |            NOTYPE|        |     |.comment
